Archive member included to satisfy reference by file (symbol)

/opt/riscv/bin/../lib/gcc/riscv64-unknown-elf/8.3.0/../../../../riscv64-unknown-elf/lib/rv32im/ilp32/libc.a(lib_a-init.o)
                              build//media/xxl/codesforcpu/raw/ext/NaxSoftware/baremetal/common/start.o (__libc_init_array)
/opt/riscv/bin/../lib/gcc/riscv64-unknown-elf/8.3.0/../../../../riscv64-unknown-elf/lib/rv32im/ilp32/libc.a(lib_a-strcmp.o)
                              build//media/xxl/codesforcpu/raw/ext/NaxSoftware/baremetal/dhrystone/src/dhrystone.o (strcmp)

Memory Configuration

Name             Origin             Length             Attributes
ram              0x0000000040000000 0x0000000000010000 axwl !r
*default*        0x0000000000000000 0xffffffffffffffff

Linker script and memory map

LOAD build//media/xxl/codesforcpu/raw/ext/NaxSoftware/baremetal/dhrystone/src/stdlib.o
LOAD build//media/xxl/codesforcpu/raw/ext/NaxSoftware/baremetal/dhrystone/src/dhrystone.o
LOAD build//media/xxl/codesforcpu/raw/ext/NaxSoftware/baremetal/dhrystone/src/dhrystone_main.o
LOAD build//media/xxl/codesforcpu/raw/ext/NaxSoftware/baremetal/common/start.o
LOAD /opt/riscv/bin/../lib/gcc/riscv64-unknown-elf/8.3.0/../../../../riscv64-unknown-elf/lib/rv32im/ilp32/libc.a
LOAD /opt/riscv/bin/../lib/gcc/riscv64-unknown-elf/8.3.0/rv32im/ilp32/libgcc.a
                0x0000000000001000                __stack_size = DEFINED (__stack_size)?__stack_size:0x1000

.init           0x0000000040000000       0x84
 *(SORT_NONE(.init))
 .init          0x0000000040000000       0x84 build//media/xxl/codesforcpu/raw/ext/NaxSoftware/baremetal/common/start.o
                0x0000000040000000                _start
                0x0000000040000070                pass
                0x0000000040000078                fail
                0x0000000040000080                _init

.text           0x0000000040000084     0x1190
 *(.text.unlikely .text.unlikely.*)
 *(.text.startup .text.startup.*)
 .text.startup  0x0000000040000084      0x850 build//media/xxl/codesforcpu/raw/ext/NaxSoftware/baremetal/dhrystone/src/dhrystone_main.o
                0x0000000040000084                main
 *(.text .text.*)
 .text          0x00000000400008d4      0x394 build//media/xxl/codesforcpu/raw/ext/NaxSoftware/baremetal/dhrystone/src/stdlib.o
                0x0000000040000918                setStats
                0x000000004000091c                time
                0x0000000040000920                putchar
                0x00000000400009e0                printf
                0x0000000040000ae4                puts
                0x0000000040000b28                __divdi3
 .text          0x0000000040000c68      0x1ac build//media/xxl/codesforcpu/raw/ext/NaxSoftware/baremetal/dhrystone/src/dhrystone.o
                0x0000000040000c68                Proc_7
                0x0000000040000c78                Proc_8
                0x0000000040000cdc                Func_1
                0x0000000040000cfc                Func_2
                0x0000000040000d5c                Func_3
                0x0000000040000d68                Proc_6
 .text          0x0000000040000e14      0x1f0 build//media/xxl/codesforcpu/raw/ext/NaxSoftware/baremetal/dhrystone/src/dhrystone_main.o
                0x0000000040000e14                Proc_2
                0x0000000040000e40                Proc_3
                0x0000000040000e6c                Proc_1
                0x0000000040000fcc                Proc_4
                0x0000000040000ff4                Proc_5
 .text          0x0000000040001004        0x0 build//media/xxl/codesforcpu/raw/ext/NaxSoftware/baremetal/common/start.o
 .text          0x0000000040001004       0x94 /opt/riscv/bin/../lib/gcc/riscv64-unknown-elf/8.3.0/../../../../riscv64-unknown-elf/lib/rv32im/ilp32/libc.a(lib_a-init.o)
                0x0000000040001004                __libc_init_array
 .text          0x0000000040001098      0x17c /opt/riscv/bin/../lib/gcc/riscv64-unknown-elf/8.3.0/../../../../riscv64-unknown-elf/lib/rv32im/ilp32/libc.a(lib_a-strcmp.o)
                0x0000000040001098                strcmp
 *(.gnu.linkonce.t.*)
 *(.note.gnu.build-id)

.rela.dyn       0x0000000040001214        0x0
 .rela.init     0x0000000040001214        0x0 build//media/xxl/codesforcpu/raw/ext/NaxSoftware/baremetal/dhrystone/src/stdlib.o
 .rela.text     0x0000000040001214        0x0 build//media/xxl/codesforcpu/raw/ext/NaxSoftware/baremetal/dhrystone/src/stdlib.o

.fini
 *(SORT_NONE(.fini))
                [!provide]                        PROVIDE (__etext = .)
                [!provide]                        PROVIDE (_etext = .)
                [!provide]                        PROVIDE (etext = .)
                0x0000000040001214                . = ALIGN (0x4)

.preinit_array  0x0000000040001214        0x0
                0x0000000040001214                PROVIDE (__preinit_array_start = .)
 *(.preinit_array)
                0x0000000040001214                PROVIDE (__preinit_array_end = .)

.init_array     0x0000000040001214        0x0
                0x0000000040001214                PROVIDE (__init_array_start = .)
 *(SORT_BY_INIT_PRIORITY(.init_array.*) SORT_BY_INIT_PRIORITY(.ctors.*))
 *(.init_array EXCLUDE_FILE(*crtend?.o *crtend.o *crtbegin?.o *crtbegin.o) .ctors)
                0x0000000040001214                PROVIDE (__init_array_end = .)

.fini_array     0x0000000040001214        0x0
                [!provide]                        PROVIDE (__fini_array_start = .)
 *(SORT_BY_INIT_PRIORITY(.fini_array.*) SORT_BY_INIT_PRIORITY(.dtors.*))
 *(.fini_array EXCLUDE_FILE(*crtend?.o *crtend.o *crtbegin?.o *crtbegin.o) .dtors)
                [!provide]                        PROVIDE (__fini_array_end = .)

.ctors
 *crtbegin.o(.ctors)
 *crtbegin?.o(.ctors)
 *(EXCLUDE_FILE(*crtend?.o *crtend.o) .ctors)
 *(SORT_BY_NAME(.ctors.*))
 *(.ctors)

.dtors
 *crtbegin.o(.dtors)
 *crtbegin?.o(.dtors)
 *(EXCLUDE_FILE(*crtend?.o *crtend.o) .dtors)
 *(SORT_BY_NAME(.dtors.*))
 *(.dtors)

.lalign         0x0000000040001214        0x0
                0x0000000040001214                . = ALIGN (0x4)
                0x0000000040001214                PROVIDE (_data_lma = .)

.dalign         0x0000000040001214        0x0
                0x0000000040001214                . = ALIGN (0x4)
                0x0000000040001214                PROVIDE (_data = .)

.data           0x0000000040001214      0x600
 *(.rdata)
 *(.rodata .rodata.*)
 .rodata.str1.4
                0x0000000040001214      0x5f8 build//media/xxl/codesforcpu/raw/ext/NaxSoftware/baremetal/dhrystone/src/dhrystone_main.o
                                        0x5fb (size before relaxing)
 *(.gnu.linkonce.r.*)
 *(.data .data.*)
 .data          0x000000004000180c        0x0 build//media/xxl/codesforcpu/raw/ext/NaxSoftware/baremetal/dhrystone/src/stdlib.o
 .data          0x000000004000180c        0x0 build//media/xxl/codesforcpu/raw/ext/NaxSoftware/baremetal/dhrystone/src/dhrystone.o
 .data          0x000000004000180c        0x0 build//media/xxl/codesforcpu/raw/ext/NaxSoftware/baremetal/dhrystone/src/dhrystone_main.o
 .data          0x000000004000180c        0x0 build//media/xxl/codesforcpu/raw/ext/NaxSoftware/baremetal/common/start.o
 .data          0x000000004000180c        0x0 /opt/riscv/bin/../lib/gcc/riscv64-unknown-elf/8.3.0/../../../../riscv64-unknown-elf/lib/rv32im/ilp32/libc.a(lib_a-init.o)
 .data          0x000000004000180c        0x0 /opt/riscv/bin/../lib/gcc/riscv64-unknown-elf/8.3.0/../../../../riscv64-unknown-elf/lib/rv32im/ilp32/libc.a(lib_a-strcmp.o)
 *(.gnu.linkonce.d.*)
                0x0000000040001810                . = ALIGN (0x8)
 *fill*         0x000000004000180c        0x4 
                0x0000000040002000                PROVIDE (__global_pointer$ = (. + 0x7f0))
 *(.sdata .sdata.*)
 *(.gnu.linkonce.s.*)
                0x0000000040001810                . = ALIGN (0x8)
 *(.srodata.cst16)
 *(.srodata.cst8)
 *(.srodata.cst4)
 *(.srodata.cst2)
 *(.srodata .srodata.*)
                0x0000000040001814                . = (. + 0x4)
 *fill*         0x0000000040001810        0x4 
                0x0000000040001814                . = ALIGN (0x4)
                0x0000000040001814                PROVIDE (_edata = .)
                [!provide]                        PROVIDE (edata = .)
                [!provide]                        PROVIDE (_fbss = .)
                0x0000000040001814                PROVIDE (__bss_start = .)

.bss            0x0000000040001814     0x2808
 *(.sbss*)
 .sbss          0x0000000040001814       0x30 build//media/xxl/codesforcpu/raw/ext/NaxSoftware/baremetal/dhrystone/src/dhrystone_main.o
                0x0000000040001814                Dhrystones_Per_Second
                0x0000000040001818                Microseconds
                0x000000004000181c                User_Time
                0x0000000040001820                End_Time
                0x0000000040001824                Begin_Time
                0x0000000040001828                Done
                0x000000004000182c                Reg
                0x0000000040001830                Ch_2_Glob
                0x0000000040001831                Ch_1_Glob
                0x0000000040001834                Bool_Glob
                0x0000000040001838                Int_Glob
                0x000000004000183c                Next_Ptr_Glob
                0x0000000040001840                Ptr_Glob
 *(.gnu.linkonce.sb.*)
 *(.bss .bss.*)
 .bss           0x0000000040001844        0x0 build//media/xxl/codesforcpu/raw/ext/NaxSoftware/baremetal/dhrystone/src/stdlib.o
 .bss           0x0000000040001844        0x0 build//media/xxl/codesforcpu/raw/ext/NaxSoftware/baremetal/dhrystone/src/dhrystone.o
 .bss           0x0000000040001844     0x27d8 build//media/xxl/codesforcpu/raw/ext/NaxSoftware/baremetal/dhrystone/src/dhrystone_main.o
                0x0000000040001844                Arr_1_Glob
                0x000000004000190c                Arr_2_Glob
 .bss           0x000000004000401c        0x0 build//media/xxl/codesforcpu/raw/ext/NaxSoftware/baremetal/common/start.o
 .bss           0x000000004000401c        0x0 /opt/riscv/bin/../lib/gcc/riscv64-unknown-elf/8.3.0/../../../../riscv64-unknown-elf/lib/rv32im/ilp32/libc.a(lib_a-init.o)
 .bss           0x000000004000401c        0x0 /opt/riscv/bin/../lib/gcc/riscv64-unknown-elf/8.3.0/../../../../riscv64-unknown-elf/lib/rv32im/ilp32/libc.a(lib_a-strcmp.o)
 *(.gnu.linkonce.b.*)
 *(COMMON)
                0x000000004000401c                . = ALIGN (0x4)
                0x0000000040004020                . = ALIGN (0x8)
                0x0000000040004020                PROVIDE (_end = .)
                [!provide]                        PROVIDE (end = .)

.stack          0x0000000040004020     0x1000
                [!provide]                        PROVIDE (_heap_end = .)
                0x0000000000001000                . = __stack_size
 *fill*         0x0000000040004020     0x1000 
                0x0000000040005020                PROVIDE (_sp = .)
                0x0000000040005020                __freertos_irq_stack_top = .
OUTPUT(build/dhrystone.elf elf32-littleriscv)

.comment        0x0000000000000000       0x28
 .comment       0x0000000000000000       0x28 build//media/xxl/codesforcpu/raw/ext/NaxSoftware/baremetal/dhrystone/src/stdlib.o
                                         0x29 (size before relaxing)
 .comment       0x0000000000000028       0x29 build//media/xxl/codesforcpu/raw/ext/NaxSoftware/baremetal/dhrystone/src/dhrystone.o
 .comment       0x0000000000000028       0x29 build//media/xxl/codesforcpu/raw/ext/NaxSoftware/baremetal/dhrystone/src/dhrystone_main.o
 .comment       0x0000000000000028       0x29 /opt/riscv/bin/../lib/gcc/riscv64-unknown-elf/8.3.0/../../../../riscv64-unknown-elf/lib/rv32im/ilp32/libc.a(lib_a-init.o)

.riscv.attributes
                0x0000000000000000       0x21
 .riscv.attributes
                0x0000000000000000       0x21 build//media/xxl/codesforcpu/raw/ext/NaxSoftware/baremetal/dhrystone/src/stdlib.o
 .riscv.attributes
                0x0000000000000021       0x21 build//media/xxl/codesforcpu/raw/ext/NaxSoftware/baremetal/dhrystone/src/dhrystone.o
 .riscv.attributes
                0x0000000000000042       0x21 build//media/xxl/codesforcpu/raw/ext/NaxSoftware/baremetal/dhrystone/src/dhrystone_main.o
 .riscv.attributes
                0x0000000000000063       0x1f build//media/xxl/codesforcpu/raw/ext/NaxSoftware/baremetal/common/start.o
 .riscv.attributes
                0x0000000000000082       0x21 /opt/riscv/bin/../lib/gcc/riscv64-unknown-elf/8.3.0/../../../../riscv64-unknown-elf/lib/rv32im/ilp32/libc.a(lib_a-init.o)
 .riscv.attributes
                0x00000000000000a3       0x1f /opt/riscv/bin/../lib/gcc/riscv64-unknown-elf/8.3.0/../../../../riscv64-unknown-elf/lib/rv32im/ilp32/libc.a(lib_a-strcmp.o)
